// Jest Snapshot v1, https://goo.gl/fbAQLP

exports[`Login Test 1`] = `
Array [
  Object {
    "name": "prasenjit",
    "phone": "1234",
  },
  Object {
    "name": "prasenjit2",
    "phone": "12345",
  },
]
`;
